백필 시작: 171건, 간격 500ms, 예상 소요 약 86초
────────────────────────────────────────────────────────────────────────────────
[  1/171] ✅ 2026-03-07  성서교회                            HTTP 200  (371ms)
[  2/171] ✅ 2026-03-14  성서교회                            HTTP 200  (299ms)
[  3/171] ✅ 2026-03-21  성서교회                            HTTP 200  (307ms)
[  4/171] ✅ 2026-04-01  아르스킨의원                          HTTP 200  (304ms)
[  5/171] ✅ 2026-04-03  아르스킨의원                          HTTP 200  (299ms)
[  6/171] ✅ 2026-04-04  노블 카야노 송파점                      HTTP 200  (298ms)
[  7/171] ✅ 2026-04-06  아르스킨의원                          HTTP 200  (298ms)
[  8/171] ✅ 2026-04-08  아르스킨의원                          HTTP 200  (312ms)
[  9/171] ✅ 2026-04-10  아르스킨의원                          HTTP 200  (307ms)
[ 10/171] ✅ 2026-04-13  아르스킨의원                          HTTP 200  (298ms)
[ 11/171] ✅ 2026-04-15  아르스킨의원                          HTTP 200  (303ms)
[ 12/171] ✅ 2026-04-17  아르스킨의원                          HTTP 200  (310ms)
[ 13/171] ✅ 2026-04-20  아르스킨의원                          HTTP 200  (301ms)
[ 14/171] ✅ 2026-04-22  아르스킨의원                          HTTP 200  (303ms)
[ 15/171] ✅ 2026-04-24  아르스킨의원                          HTTP 200  (301ms)
[ 16/171] ✅ 2026-04-27  아르스킨의원                          HTTP 200  (298ms)
[ 17/171] ✅ 2026-04-29  아르스킨의원                          HTTP 200  (302ms)
[ 18/171] ✅ 2026-05-02  노블 카야노 송파점                      HTTP 200  (298ms)
[ 19/171] ✅ 2026-06-01  아르스킨의원                          HTTP 200  (302ms)
[ 20/171] ✅ 2026-06-03  아르스킨의원                          HTTP 200  (302ms)
[ 21/171] ✅ 2026-06-05  아르스킨의원                          HTTP 200  (304ms)
[ 22/171] ✅ 2026-06-06  성서교회                            HTTP 200  (307ms)
[ 23/171] ✅ 2026-06-06  노블 카야노 송파점                      HTTP 200  (309ms)
[ 24/171] ✅ 2026-06-08  아르스킨의원                          HTTP 200  (298ms)
[ 25/171] ✅ 2026-06-10  아르스킨의원                          HTTP 200  (306ms)
[ 26/171] ✅ 2026-06-12  아르스킨의원                          HTTP 200  (305ms)
[ 27/171] ✅ 2026-06-15  아르스킨의원                          HTTP 200  (302ms)
[ 28/171] ✅ 2026-06-17  아르스킨의원                          HTTP 200  (302ms)
[ 29/171] ✅ 2026-06-19  노블 다이닝 압구정점                     HTTP 200  (303ms)
[ 30/171] ✅ 2026-06-19  아르스킨의원                          HTTP 200  (295ms)
[ 31/171] ✅ 2026-06-20  성서교회                            HTTP 200  (297ms)
[ 32/171] ✅ 2026-06-22  노블 오마카세 청담점                     HTTP 200  (298ms)
[ 33/171] ✅ 2026-06-22  아르스킨의원                          HTTP 200  (303ms)
[ 34/171] ✅ 2026-06-23  노블 다이닝 압구정점                     HTTP 200  (314ms)
[ 35/171] ✅ 2026-06-24  아르스킨의원                          HTTP 200  (301ms)
[ 36/171] ✅ 2026-06-25  노블 오마카세 청담점                     HTTP 200  (301ms)
[ 37/171] ✅ 2026-06-26  아르스킨의원                          HTTP 200  (303ms)
[ 38/171] ✅ 2026-06-26  노블 다이닝 압구정점                     HTTP 200  (300ms)
[ 39/171] ✅ 2026-06-26  마운틴짐                            HTTP 200  (301ms)
[ 40/171] ✅ 2026-06-27  성서교회                            HTTP 200  (300ms)
[ 41/171] ✅ 2026-06-29  아르스킨의원                          HTTP 200  (303ms)
[ 42/171] ✅ 2026-06-29  노블 오마카세 청담점                     HTTP 200  (299ms)
[ 43/171] ✅ 2026-07-03  노블 다이닝 압구정점                     HTTP 200  (308ms)
[ 44/171] ✅ 2026-07-04  노블 카야노 송파점                      HTTP 200  (298ms)
[ 45/171] ✅ 2026-07-06  노블 오마카세 청담점                     HTTP 200  (303ms)
[ 46/171] ✅ 2026-07-07  면미정                             HTTP 200  (309ms)
[ 47/171] ✅ 2026-07-07  노블 다이닝 압구정점                     HTTP 200  (304ms)
[ 48/171] ✅ 2026-07-09  노블 오마카세 청담점                     HTTP 200  (297ms)
[ 49/171] ✅ 2026-07-10  노블 다이닝 압구정점                     HTTP 200  (320ms)
[ 50/171] ✅ 2026-07-31  노블 오마카세 청담점                     HTTP 200  (302ms)
[ 51/171] ✅ 2026-08-01  노블 카야노 송파점                      HTTP 200  (303ms)
[ 52/171] ✅ 2026-08-20  아르스킨의원                          HTTP 200  (303ms)
[ 53/171] ✅ 2026-08-20  아르스킨의원                          HTTP 200  (303ms)
[ 54/171] ✅ 2026-08-26  화이트짐 수원아주대점                     HTTP 200  (296ms)
[ 55/171] ✅ 2026-08-26  욜로피시카페                          HTTP 200  (301ms)
[ 56/171] ✅ 2026-08-26  화이트짐 용인동백 2호점                   HTTP 200  (305ms)
[ 57/171] ✅ 2026-08-26  화이트짐 동백점                        HTTP 200  (303ms)
[ 58/171] ✅ 2026-08-28  화이트짐 수원아주대점                     HTTP 200  (303ms)
[ 59/171] ✅ 2026-08-28  쌍용임대아파트관리사무소                    HTTP 200  (303ms)
[ 60/171] ✅ 2026-08-28  화이트짐 용인동백 2호점                   HTTP 200  (302ms)
[ 61/171] ✅ 2026-08-28  화이트짐 동백점                        HTTP 200  (300ms)
[ 62/171] ✅ 2026-08-29  성서교회                            HTTP 200  (303ms)
[ 63/171] ✅ 2026-08-30  마운틴짐                            HTTP 200  (301ms)
[ 64/171] ✅ 2026-08-31  화이트짐 동백점                        HTTP 200  (298ms)
[ 65/171] ✅ 2026-08-31  화이트짐 수원아주대점                     HTTP 200  (307ms)
[ 66/171] ✅ 2026-08-31  몽글몽글                            HTTP 200  (303ms)
[ 67/171] ✅ 2026-08-31  씨엘쏭                             HTTP 200  (302ms)
[ 68/171] ✅ 2026-08-31  케이제이앤피치                         HTTP 200  (296ms)
[ 69/171] ✅ 2026-08-31  쌍용임대아파트관리사무소                    HTTP 200  (298ms)
[ 70/171] ✅ 2026-08-31  화이트짐 용인동백 2호점                   HTTP 200  (302ms)
[ 71/171] ✅ 2026-09-02  쌍용임대아파트관리사무소                    HTTP 200  (298ms)
[ 72/171] ✅ 2026-09-04  쌍용임대아파트관리사무소                    HTTP 200  (303ms)
[ 73/171] ✅ 2026-09-05  노블 카야노 송파점                      HTTP 200  (303ms)
[ 74/171] ✅ 2026-09-07  쌍용임대아파트관리사무소                    HTTP 200  (299ms)
[ 75/171] ✅ 2026-09-09  쌍용임대아파트관리사무소                    HTTP 200  (299ms)
[ 76/171] ✅ 2026-09-10  KG이니시스 심사원(테스트)                 HTTP 200  (299ms)
[ 77/171] ✅ 2026-09-11  쌍용임대아파트관리사무소                    HTTP 200  (297ms)
[ 78/171] ✅ 2026-09-13  KG이니시스 심사원(테스트)                 HTTP 200  (306ms)
[ 79/171] ✅ 2026-09-13  미미고찹쌀꽈배기                        HTTP 200  (303ms)
[ 80/171] ✅ 2026-09-14  쌍용임대아파트관리사무소                    HTTP 200  (308ms)
[ 81/171] ✅ 2026-09-15  엽기떡볶이 이천증포점                     HTTP 200  (300ms)
[ 82/171] ✅ 2026-09-15  씨엘쏭                             HTTP 200  (298ms)
[ 83/171] ✅ 2026-09-16  홍콩웍헤이                           HTTP 200  (298ms)
[ 84/171] ✅ 2026-09-16  윤찬방                             HTTP 200  (299ms)
[ 85/171] ✅ 2026-09-16  쌍용임대아파트관리사무소                    HTTP 200  (298ms)
[ 86/171] ✅ 2026-09-16  우대포 트리플스트리트                     HTTP 200  (302ms)
[ 87/171] ✅ 2026-09-17  아침애만나                           HTTP 200  (299ms)
[ 88/171] ✅ 2026-09-17  신전떡볶이                           HTTP 200  (303ms)
[ 89/171] ✅ 2026-09-17  배고픈덮밥이 당산점                      HTTP 200  (305ms)
[ 90/171] ✅ 2026-09-18  쌍용임대아파트관리사무소                    HTTP 200  (299ms)
[ 91/171] ✅ 2026-09-21  쌍용임대아파트관리사무소                    HTTP 200  (300ms)
[ 92/171] ✅ 2026-09-23  쌍용임대아파트관리사무소                    HTTP 200  (315ms)
[ 93/171] ✅ 2026-09-23  아웃백 스테이크하우스 중동롯데점(딥케어)          HTTP 200  (305ms)
[ 94/171] ✅ 2026-09-25  쌍용임대아파트관리사무소                    HTTP 200  (297ms)
[ 95/171] ✅ 2026-09-28  쌍용임대아파트관리사무소                    HTTP 200  (301ms)
[ 96/171] ✅ 2026-09-30  쌍용임대아파트관리사무소                    HTTP 200  (300ms)
[ 97/171] ✅ 2026-09-30  씨엘쏭                             HTTP 200  (314ms)
[ 98/171] ✅ 2026-10-04  와리가리 대학동점                       HTTP 200  (314ms)
[ 99/171] ✅ 2026-10-13  미미고찹쌀꽈배기                        HTTP 200  (304ms)
[100/171] ✅ 2026-10-15  씨엘쏭                             HTTP 200  (297ms)
[101/171] ✅ 2026-10-15  미나미                             HTTP 200  (325ms)
[102/171] ✅ 2026-10-15  엽기떡볶이 이천증포점                     HTTP 200  (309ms)
[103/171] ✅ 2026-10-16  윤찬방                             HTTP 200  (312ms)
[104/171] ✅ 2026-10-16  홍콩웍헤이                           HTTP 200  (298ms)
[105/171] ✅ 2026-10-16  우대포 트리플스트리트                     HTTP 200  (307ms)
[106/171] ✅ 2026-10-17  아침애만나                           HTTP 200  (300ms)
[107/171] ✅ 2026-10-17  신전떡볶이                           HTTP 200  (303ms)
[108/171] ✅ 2026-10-17  배고픈덮밥이 당산점                      HTTP 200  (305ms)
[109/171] ✅ 2026-10-23  아웃백 스테이크하우스 중동롯데점(딥케어)          HTTP 200  (304ms)
[110/171] ✅ 2026-11-13  미미고찹쌀꽈배기                        HTTP 200  (308ms)
[111/171] ✅ 2026-11-15  엽기떡볶이 이천증포점                     HTTP 200  (303ms)
[112/171] ✅ 2026-11-16  우대포 트리플스트리트                     HTTP 200  (302ms)
[113/171] ✅ 2026-11-16  홍콩웍헤이                           HTTP 200  (310ms)
[114/171] ✅ 2026-11-16  윤찬방                             HTTP 200  (304ms)
[115/171] ✅ 2026-11-17  신전떡볶이                           HTTP 200  (298ms)
[116/171] ✅ 2026-11-17  아침애만나                           HTTP 200  (302ms)
[117/171] ✅ 2026-11-17  배고픈덮밥이 당산점                      HTTP 200  (300ms)
[118/171] ✅ 2026-11-23  아웃백 스테이크하우스 중동롯데점(딥케어)          HTTP 200  (312ms)
[119/171] ✅ 2026-12-13  미미고찹쌀꽈배기                        HTTP 200  (302ms)
[120/171] ✅ 2026-12-15  미나미                             HTTP 200  (296ms)
[121/171] ✅ 2026-12-15  엽기떡볶이 이천증포점                     HTTP 200  (305ms)
[122/171] ✅ 2026-12-16  우대포 트리플스트리트                     HTTP 200  (306ms)
[123/171] ✅ 2026-12-16  윤찬방                             HTTP 200  (307ms)
[124/171] ✅ 2026-12-16  홍콩웍헤이                           HTTP 200  (312ms)
[125/171] ✅ 2026-12-17  신전떡볶이                           HTTP 200  (314ms)
[126/171] ✅ 2026-12-17  배고픈덮밥이 당산점                      HTTP 200  (300ms)
[127/171] ✅ 2026-12-23  아웃백 스테이크하우스 중동롯데점(딥케어)          HTTP 200  (304ms)
[128/171] ✅ 2026-12-31  케이제이앤피치                         HTTP 200  (307ms)
[129/171] ✅ 2027-01-04  와리가리 대학동점                       HTTP 200  (311ms)
[130/171] ✅ 2027-01-13  미미고찹쌀꽈배기                        HTTP 200  (302ms)
[131/171] ✅ 2027-01-15  엽기떡볶이 이천증포점                     HTTP 200  (302ms)
[132/171] ✅ 2027-01-16  윤찬방                             HTTP 200  (308ms)
[133/171] ✅ 2027-01-16  우대포 트리플스트리트                     HTTP 200  (304ms)
[134/171] ✅ 2027-01-16  홍콩웍헤이                           HTTP 200  (301ms)
[135/171] ✅ 2027-01-17  신전떡볶이                           HTTP 200  (303ms)
[136/171] ✅ 2027-01-17  배고픈덮밥이 당산점                      HTTP 200  (297ms)
[137/171] ✅ 2027-01-23  아웃백 스테이크하우스 중동롯데점(딥케어)          HTTP 200  (302ms)
[138/171] ✅ 2027-02-13  미미고찹쌀꽈배기                        HTTP 200  (296ms)
[139/171] ✅ 2027-02-15  미나미                             HTTP 200  (309ms)
[140/171] ✅ 2027-02-16  우대포 트리플스트리트                     HTTP 200  (302ms)
[141/171] ✅ 2027-02-16  홍콩웍헤이                           HTTP 200  (302ms)
[142/171] ✅ 2027-02-17  배고픈덮밥이 당산점                      HTTP 200  (302ms)
[143/171] ✅ 2027-02-17  신전떡볶이                           HTTP 200  (316ms)
[144/171] ✅ 2027-02-23  아웃백 스테이크하우스 중동롯데점(딥케어)          HTTP 200  (322ms)
[145/171] ✅ 2027-03-13  미미고찹쌀꽈배기                        HTTP 200  (304ms)
[146/171] ✅ 2027-03-16  홍콩웍헤이                           HTTP 200  (308ms)
[147/171] ✅ 2027-03-16  우대포 트리플스트리트                     HTTP 200  (305ms)
[148/171] ✅ 2027-03-17  배고픈덮밥이 당산점                      HTTP 200  (303ms)
[149/171] ✅ 2027-03-17  신전떡볶이                           HTTP 200  (303ms)
[150/171] ✅ 2027-03-23  아웃백 스테이크하우스 중동롯데점(딥케어)          HTTP 200  (317ms)
[151/171] ✅ 2027-04-04  와리가리 대학동점                       HTTP 200  (302ms)
[152/171] ✅ 2027-04-13  미미고찹쌀꽈배기                        HTTP 200  (305ms)
[153/171] ✅ 2027-04-15  미나미                             HTTP 200  (303ms)
[154/171] ✅ 2027-04-16  홍콩웍헤이                           HTTP 200  (307ms)
[155/171] ✅ 2027-04-16  우대포 트리플스트리트                     HTTP 200  (298ms)
[156/171] ✅ 2027-04-17  신전떡볶이                           HTTP 200  (297ms)
[157/171] ✅ 2027-04-17  배고픈덮밥이 당산점                      HTTP 200  (315ms)
[158/171] ✅ 2027-04-23  아웃백 스테이크하우스 중동롯데점(딥케어)          HTTP 200  (301ms)
[159/171] ✅ 2027-04-27  갓잇 서초점                          HTTP 200  (303ms)
[160/171] ✅ 2027-05-13  미미고찹쌀꽈배기                        HTTP 200  (299ms)
[161/171] ✅ 2027-05-16  우대포 트리플스트리트                     HTTP 200  (306ms)
[162/171] ✅ 2027-05-17  신전떡볶이                           HTTP 200  (298ms)
[163/171] ✅ 2027-05-23  아웃백 스테이크하우스 중동롯데점(딥케어)          HTTP 200  (301ms)
[164/171] ✅ 2027-06-13  미미고찹쌀꽈배기                        HTTP 200  (297ms)
[165/171] ✅ 2027-06-15  미나미                             HTTP 200  (300ms)
[166/171] ✅ 2027-06-17  신전떡볶이                           HTTP 200  (304ms)
[167/171] ✅ 2027-06-23  아웃백 스테이크하우스 중동롯데점(딥케어)          HTTP 200  (304ms)
[168/171] ✅ 2027-07-13  미미고찹쌀꽈배기                        HTTP 200  (300ms)
[169/171] ✅ 2027-08-15  미나미                             HTTP 200  (301ms)
[170/171] ✅ 2027-08-27  갓잇 서초점                          HTTP 200  (300ms)
[171/171] ✅ 2027-10-15  미나미                             HTTP 200  (295ms)
────────────────────────────────────────────────────────────────────────────────
웹훅 발사 결과 — 성공: 171 / 실패: 0
(주의: 웹훅 발사 성공은 Make 처리 완료가 아님. 2~3분 후 DB에서 drive_folder_url 채워졌는지 확인 필요)
상세 로그 저장: C:\Users\user\BBK-Workspace\apps\bbk-app\scripts\_backfill-drive-folders.log
